TestName,ExpectedValue
TotalCount,100
MemberCount,200
TotalClaimlines,3456
TotalPaidAmount,12345